Copyright 1986-2018 Xilinx, Inc. All Rights Reserved.
----------------------------------------------------------------------------------------------------------------------------------------------------------------------------------
| Tool Version     : Vivado v.2018.3 (win64) Build 2405991 Thu Dec  6 23:38:27 MST 2018
| Date             : Thu Mar 17 15:44:00 2022
| Host             : LAPTOP-L56MQ14S running 64-bit major release  (build 9200)
| Command          : report_power -file OV7670_Image_pro_Top_power_routed.rpt -pb OV7670_Image_pro_Top_power_summary_routed.pb -rpx OV7670_Image_pro_Top_power_routed.rpx
| Design           : OV7670_Image_pro_Top
| Device           : xc7a35tftg256-1
| Design State     : routed
| Grade            : commercial
| Process          : typical
| Characterization : Production
----------------------------------------------------------------------------------------------------------------------------------------------------------------------------------

Power Report

Table of Contents
-----------------
1. Summary
1.1 On-Chip Components
1.2 Power Supply Summary
1.3 Confidence Level
2. Settings
2.1 Environment
2.2 Clock Constraints
3. Detailed Reports
3.1 By Hierarchy

1. Summary
----------

+--------------------------+----------------------------------+
| Total On-Chip Power (W)  | 35.457 (Junction temp exceeded!) |
| Design Power Budget (W)  | Unspecified*                     |
| Power Budget Margin (W)  | NA                               |
| Dynamic (W)              | 34.942                           |
| Device Static (W)        | 0.516                            |
| Effective TJA (C/W)      | 4.9                              |
| Max Ambient (C)          | 0.0                              |
| Junction Temperature (C) | 125.0                            |
| Confidence Level         | Low                              |
| Setting File             | ---                              |
| Simulation Activity File | ---                              |
| Design Nets Matched      | NA                               |
+--------------------------+----------------------------------+
* Specify Design Power Budget using, set_operating_conditions -design_power_budget <value in Watts>


1.1 On-Chip Components
----------------------

+----------------+-----------+----------+-----------+-----------------+
| On-Chip        | Power (W) | Used     | Available | Utilization (%) |
+----------------+-----------+----------+-----------+-----------------+
| Slice Logic    |     2.290 |     1295 |       --- |             --- |
|   LUT as Logic |     2.095 |      716 |     20800 |            3.44 |
|   CARRY4       |     0.123 |       46 |      8150 |            0.56 |
|   Register     |     0.046 |      205 |     41600 |            0.49 |
|   BUFG         |     0.017 |        3 |        32 |            9.38 |
|   F7/F8 Muxes  |     0.009 |       68 |     32600 |            0.21 |
|   Others       |     0.000 |      190 |       --- |             --- |
| Signals        |     7.171 |     1259 |       --- |             --- |
| Block RAM      |     0.858 |     47.5 |        50 |           95.00 |
| DSPs           |     0.199 |        3 |        90 |            3.33 |
| I/O            |    24.423 |       53 |       170 |           31.18 |
| Static Power   |     0.516 |          |           |                 |
| Total          |    35.457 |          |           |                 |
+----------------+-----------+----------+-----------+-----------------+


1.2 Power Supply Summary
------------------------

+-----------+-------------+-----------+-------------+------------+
| Source    | Voltage (V) | Total (A) | Dynamic (A) | Static (A) |
+-----------+-------------+-----------+-------------+------------+
| Vccint    |       1.000 |    10.882 |      10.526 |      0.356 |
| Vccaux    |       1.800 |     0.945 |       0.892 |      0.053 |
| Vcco33    |       3.300 |     6.891 |       6.890 |      0.001 |
| Vcco25    |       2.500 |     0.000 |       0.000 |      0.000 |
| Vcco18    |       1.800 |     0.000 |       0.000 |      0.000 |
| Vcco15    |       1.500 |     0.000 |       0.000 |      0.000 |
| Vcco135   |       1.350 |     0.000 |       0.000 |      0.000 |
| Vcco12    |       1.200 |     0.000 |       0.000 |      0.000 |
| Vccaux_io |       1.800 |     0.000 |       0.000 |      0.000 |
| Vccbram   |       1.000 |     0.097 |       0.073 |      0.025 |
| MGTAVcc   |       1.000 |     0.000 |       0.000 |      0.000 |
| MGTAVtt   |       1.200 |     0.000 |       0.000 |      0.000 |
| Vccadc    |       1.800 |     0.020 |       0.000 |      0.020 |
+-----------+-------------+-----------+-------------+------------+


1.3 Confidence Level
--------------------

+-----------------------------+------------+--------------------------------------------------------+--------------------------------------------------------------------------------------------------------------------+
| User Input Data             | Confidence | Details                                                | Action                                                                                                             |
+-----------------------------+------------+--------------------------------------------------------+--------------------------------------------------------------------------------------------------------------------+
| Design implementation state | High       | Design is routed                                       |                                                                                                                    |
| Clock nodes activity        | Low        | User specified less than 75% of clocks                 | Provide missing clock activity with a constraint file, simulation results or by editing the "By Clock Domain" view |
| I/O nodes activity          | Low        | More than 75% of inputs are missing user specification | Provide missing input activity with simulation results or by editing the "By Resource Type -> I/Os" view           |
| Internal nodes activity     | Medium     | User specified less than 25% of internal nodes         | Provide missing internal nodes activity with simulation results or by editing the "By Resource Type" views         |
| Device models               | High       | Device models are Production                           |                                                                                                                    |
|                             |            |                                                        |                                                                                                                    |
| Overall confidence level    | Low        |                                                        |                                                                                                                    |
+-----------------------------+------------+--------------------------------------------------------+--------------------------------------------------------------------------------------------------------------------+


2. Settings
-----------

2.1 Environment
---------------

+-----------------------+--------------------------+
| Ambient Temp (C)      | 25.0                     |
| ThetaJA (C/W)         | 4.9                      |
| Airflow (LFM)         | 250                      |
| Heat Sink             | medium (Medium Profile)  |
| ThetaSA (C/W)         | 4.6                      |
| Board Selection       | medium (10"x10")         |
| # of Board Layers     | 12to15 (12 to 15 Layers) |
| Board Temperature (C) | 25.0                     |
+-----------------------+--------------------------+


2.2 Clock Constraints
---------------------

+-------+--------+-----------------+
| Clock | Domain | Constraint (ns) |
+-------+--------+-----------------+


3. Detailed Reports
-------------------

3.1 By Hierarchy
----------------

+--------------------------------+-----------+
| Name                           | Power (W) |
+--------------------------------+-----------+
| OV7670_Image_pro_Top           |    34.942 |
|   dig_seg_u                    |     0.758 |
|   siod_IOBUF_inst              |     0.749 |
|   u_ov7670_capture             |     5.361 |
|   u_ov7670_init                |     0.364 |
|     u_I2C_Controller           |     0.240 |
|     u_I2C_OV7670_RGB565_Config |     0.005 |
|   uu_1                         |     1.008 |
|   uu_2                         |     1.331 |
|     U0                         |     1.331 |
|       inst_blk_mem_gen         |     1.331 |
|   uu_3                         |     0.679 |
|     U0                         |     0.679 |
|       inst_blk_mem_gen         |     0.679 |
+--------------------------------+-----------+


